<?xml version="1.0" encoding="UTF-8"?>
<!--   Ordt 160614.01 autogenerated file 
       Input: ./rdl_hello/test.rdl
       Parms: ./rdl_hello/test.parms
       Date: Tue Jun 14 16:31:50 EDT 2016
 -->

<map version="160614.01">
  <id>foo</id>
  <baseaddr>0</baseaddr>
  <shorttext>foo registers</shorttext>
  <regset>
    <id>bar</id>
    <shorttext>bar registers</shorttext>
    <baseaddr>0x0</baseaddr>
    <longtext><![CDATA[this is a bunch of bar regs bla bla bla]]></longtext>
    <reg>
      <id>a_reg</id>
      <parentpath>bar</parentpath>
      <shorttext>a_reg register</shorttext>
      <baseaddr>0x0</baseaddr>
      <width>32</width>
      <reps>2</reps>
      <stride>0x4</stride>
      <field>
        <id>fld1</id>
        <shorttext>field 1</shorttext>
        <access>RW</access>
        <reset>0</reset>
        <lowidx>0</lowidx>
        <width>10</width>
        <hwmod></hwmod>
      </field>
      <field>
        <id>fld2</id>
        <shorttext>field 2</shorttext>
        <access>RW</access>
        <lowidx>15</lowidx>
        <width>1</width>
      </field>
      <access>RW</access>
    </reg>
    <highaddr>0x7</highaddr>
  </regset>
</map>
