<?xml version="1.0" encoding="UTF-8"?>
<!--   Ordt 170413.03 autogenerated file 
       Input: ./rdl_intr_01/test.rdl
       Parms: ./rdl_intr_01/test.parms
       Date: Thu Apr 13 23:28:53 EDT 2017
 -->

<map version="170413.03">
  <id>foo</id>
  <baseaddr>0x0</baseaddr>
  <shorttext>foo registers</shorttext>
  <regset>
    <id>bar</id>
    <shorttext>bar registers</shorttext>
    <baseaddr>0x0</baseaddr>
    <reg>
      <id>a_reg</id>
      <parentpath>bar</parentpath>
      <shorttext>a_reg register</shorttext>
      <baseaddr>0x0</baseaddr>
      <width>32</width>
      <reps>2</reps>
      <stride>0x4</stride>
      <field>
        <id>fld1</id>
        <shorttext>fld1 field</shorttext>
        <access>RW</access>
        <reset>0</reset>
        <lowidx>0</lowidx>
        <width>10</width>
        <hwmod></hwmod>
      </field>
      <field>
        <id>fld2</id>
        <shorttext>fld2 field</shorttext>
        <access>RW</access>
        <lowidx>15</lowidx>
        <width>1</width>
      </field>
      <access>RW</access>
    </reg>
    <reg>
      <id>intr_reg1</id>
      <parentpath>bar</parentpath>
      <shorttext>intr_reg1 register</shorttext>
      <baseaddr>0x100</baseaddr>
      <width>32</width>
      <field>
        <id>int1</id>
        <shorttext>interrupt 1</shorttext>
        <access>W1C</access>
        <reset>0</reset>
        <lowidx>0</lowidx>
        <width>1</width>
        <hwmod></hwmod>
        <intr></intr>
      </field>
      <field>
        <id>int2</id>
        <shorttext>interrupt 2</shorttext>
        <access>W1C</access>
        <reset>0</reset>
        <lowidx>1</lowidx>
        <width>1</width>
        <hwmod></hwmod>
        <intr></intr>
      </field>
      <access>W1C</access>
    </reg>
    <reg>
      <id>log_reg1</id>
      <parentpath>bar</parentpath>
      <shorttext>log_reg1 register</shorttext>
      <baseaddr>0x104</baseaddr>
      <width>32</width>
      <field>
        <id>err_log</id>
        <shorttext>error log field</shorttext>
        <access>RW</access>
        <reset>0</reset>
        <lowidx>0</lowidx>
        <width>10</width>
        <hwmod></hwmod>
        <longtext><![CDATA[this field will capture the incoming value of the hw write bus while intr_reg1.int1 is inactive]]></longtext>
      </field>
      <access>RW</access>
    </reg>
    <reg>
      <id>log_reg2</id>
      <parentpath>bar</parentpath>
      <shorttext>log_reg2 register</shorttext>
      <baseaddr>0x108</baseaddr>
      <width>32</width>
      <field>
        <id>err_log</id>
        <shorttext>error log field</shorttext>
        <access>RW</access>
        <reset>0</reset>
        <lowidx>0</lowidx>
        <width>10</width>
        <hwmod></hwmod>
        <longtext><![CDATA[this field will capture the incoming value of the hw write bus once when intr_reg1.int1 fires]]></longtext>
      </field>
      <access>RW</access>
    </reg>
    <reg>
      <id>log_reg3</id>
      <parentpath>bar</parentpath>
      <shorttext>log_reg3 register</shorttext>
      <baseaddr>0x10c</baseaddr>
      <width>32</width>
      <field>
        <id>err_log</id>
        <shorttext>error log field</shorttext>
        <access>RW</access>
        <reset>0</reset>
        <lowidx>0</lowidx>
        <width>10</width>
        <hwmod></hwmod>
        <longtext><![CDATA[this field will capture the incoming value of the hw write bus while all interrupts in intr_reg1 are inactive]]></longtext>
      </field>
      <access>RW</access>
    </reg>
    <regset>
      <id>sub</id>
      <parentpath>bar</parentpath>
      <shorttext>sub registers</shorttext>
      <baseaddr>0x200</baseaddr>
      <reg>
        <id>intr_reg2</id>
        <parentpath>bar.sub</parentpath>
        <shorttext>intr_reg2 register</shorttext>
        <baseaddr>0x200</baseaddr>
        <width>32</width>
        <field>
          <id>int1</id>
          <shorttext>interrupt 1</shorttext>
          <access>W1C</access>
          <reset>0</reset>
          <lowidx>0</lowidx>
          <width>1</width>
          <hwmod></hwmod>
          <intr></intr>
          <infotext>Interrupt output enabled by intr_reg1.int1.  </infotext>
        </field>
        <field>
          <id>int2</id>
          <shorttext>interrupt 2</shorttext>
          <access>W1C</access>
          <reset>0</reset>
          <lowidx>1</lowidx>
          <width>1</width>
          <hwmod></hwmod>
          <intr></intr>
          <infotext>Interrupt output enabled by intr_reg1.int2.  </infotext>
        </field>
        <access>W1C</access>
      </reg>
      <reg>
        <id>intr_reg3</id>
        <parentpath>bar.sub</parentpath>
        <shorttext>intr_reg3 register</shorttext>
        <baseaddr>0x300</baseaddr>
        <width>32</width>
        <field>
          <id>int1</id>
          <shorttext>interrupt 1</shorttext>
          <access>W1C</access>
          <reset>0</reset>
          <lowidx>0</lowidx>
          <width>1</width>
          <hwmod></hwmod>
          <intr></intr>
          <infotext>Interrupt output enabled by sub.intr_reg2.int1.  </infotext>
        </field>
        <field>
          <id>int2</id>
          <shorttext>interrupt 2</shorttext>
          <access>W1C</access>
          <reset>0</reset>
          <lowidx>1</lowidx>
          <width>1</width>
          <hwmod></hwmod>
          <intr></intr>
          <infotext>Interrupt output enabled by sub.intr_reg2.int2.  </infotext>
        </field>
        <access>W1C</access>
      </reg>
      <highaddr>0x303</highaddr>
    </regset>
    <reg>
      <id>rst_reg</id>
      <parentpath>bar</parentpath>
      <shorttext>rst_reg register</shorttext>
      <baseaddr>0x304</baseaddr>
      <width>32</width>
      <field>
        <id>fld1</id>
        <shorttext>fld1 field</shorttext>
        <access>RW</access>
        <reset>1</reset>
        <lowidx>4</lowidx>
        <width>4</width>
      </field>
      <field>
        <id>fld2</id>
        <shorttext>fld2 field</shorttext>
        <access>RW</access>
        <reset>2</reset>
        <lowidx>0</lowidx>
        <width>4</width>
      </field>
      <field>
        <id>fld3</id>
        <shorttext>fld3 field</shorttext>
        <access>RW</access>
        <reset>3</reset>
        <lowidx>8</lowidx>
        <width>3</width>
      </field>
      <field>
        <id>fld4</id>
        <shorttext>fld4 field</shorttext>
        <access>RW</access>
        <reset>4</reset>
        <lowidx>11</lowidx>
        <width>3</width>
      </field>
      <access>RW</access>
    </reg>
    <highaddr>0x307</highaddr>
  </regset>
  <regset>
    <id>intr_cascade</id>
    <shorttext>intr_cascade registers</shorttext>
    <baseaddr>0x1000</baseaddr>
    <reg>
      <id>merge</id>
      <parentpath>intr_cascade</parentpath>
      <shorttext>merge register</shorttext>
      <baseaddr>0x1000</baseaddr>
      <width>32</width>
      <field>
        <id>fld1</id>
        <shorttext>fld1 field</shorttext>
        <access>RO</access>
        <reset>0</reset>
        <lowidx>0</lowidx>
        <width>1</width>
        <hwmod></hwmod>
        <intr></intr>
        <infotext>Interrupt merge field set by register bar.intr_reg1.  </infotext>
      </field>
      <field>
        <id>fld2</id>
        <shorttext>fld2 field</shorttext>
        <access>RO</access>
        <reset>0</reset>
        <lowidx>1</lowidx>
        <width>1</width>
        <hwmod></hwmod>
        <intr></intr>
      </field>
      <access>RO</access>
    </reg>
    <highaddr>0x1003</highaddr>
  </regset>
</map>
