/Users/snellenbach/Documents/jrdl_work/test/scripts/runtest: line 147: -jspec: command not found
